I'm sorry, but errors were detected in your script. Please correct the
errors listed below, and try again.


File "game/script.rpy", line 30: is not terminated with a newline. (Check strings and parenthesis.)
        image harshinihappy = im.Scale("harshinihappy.png"(1280,400)

Ren'Py Version: Ren'Py 6.99.14.1.3218
Fri Jun 08 14:54:56 2018
